Archive member included because of file (symbol)

f:/ti/gcc/ccsv6/tools/compiler/gcc-arm-none-eabi-4_9-2015q3/bin/../lib/gcc/arm-none-eabi/4.9.3/../../../../arm-none-eabi/lib/armv7e-m/fpu\libc.a(lib_a-exit.o)
                              f:/ti/gcc/ccsv6/tools/compiler/gcc-arm-none-eabi-4_9-2015q3/bin/../lib/gcc/arm-none-eabi/4.9.3/../../../../arm-none-eabi/lib/armv7e-m/fpu/crt0.o (exit)
f:/ti/gcc/ccsv6/tools/compiler/gcc-arm-none-eabi-4_9-2015q3/bin/../lib/gcc/arm-none-eabi/4.9.3/../../../../arm-none-eabi/lib/armv7e-m/fpu\libc.a(lib_a-impure.o)
                              f:/ti/gcc/ccsv6/tools/compiler/gcc-arm-none-eabi-4_9-2015q3/bin/../lib/gcc/arm-none-eabi/4.9.3/../../../../arm-none-eabi/lib/armv7e-m/fpu\libc.a(lib_a-exit.o) (_global_impure_ptr)
f:/ti/gcc/ccsv6/tools/compiler/gcc-arm-none-eabi-4_9-2015q3/bin/../lib/gcc/arm-none-eabi/4.9.3/../../../../arm-none-eabi/lib/armv7e-m/fpu\libc.a(lib_a-init.o)
                              f:/ti/gcc/ccsv6/tools/compiler/gcc-arm-none-eabi-4_9-2015q3/bin/../lib/gcc/arm-none-eabi/4.9.3/../../../../arm-none-eabi/lib/armv7e-m/fpu/crt0.o (__libc_init_array)
f:/ti/gcc/ccsv6/tools/compiler/gcc-arm-none-eabi-4_9-2015q3/bin/../lib/gcc/arm-none-eabi/4.9.3/../../../../arm-none-eabi/lib/armv7e-m/fpu\libc.a(lib_a-memset.o)
                              f:/ti/gcc/ccsv6/tools/compiler/gcc-arm-none-eabi-4_9-2015q3/bin/../lib/gcc/arm-none-eabi/4.9.3/../../../../arm-none-eabi/lib/armv7e-m/fpu/crt0.o (memset)
f:/ti/gcc/ccsv6/tools/compiler/gcc-arm-none-eabi-4_9-2015q3/bin/../lib/gcc/arm-none-eabi/4.9.3/../../../../arm-none-eabi/lib/armv7e-m/fpu\libc.a(lib_a-__call_atexit.o)
                              f:/ti/gcc/ccsv6/tools/compiler/gcc-arm-none-eabi-4_9-2015q3/bin/../lib/gcc/arm-none-eabi/4.9.3/../../../../arm-none-eabi/lib/armv7e-m/fpu\libc.a(lib_a-exit.o) (__call_exitprocs)
f:/ti/gcc/ccsv6/tools/compiler/gcc-arm-none-eabi-4_9-2015q3/bin/../lib/gcc/arm-none-eabi/4.9.3/../../../../arm-none-eabi/lib/armv7e-m/fpu\libc.a(lib_a-atexit.o)
                              f:/ti/gcc/ccsv6/tools/compiler/gcc-arm-none-eabi-4_9-2015q3/bin/../lib/gcc/arm-none-eabi/4.9.3/../../../../arm-none-eabi/lib/armv7e-m/fpu\libc.a(lib_a-__call_atexit.o) (atexit)
f:/ti/gcc/ccsv6/tools/compiler/gcc-arm-none-eabi-4_9-2015q3/bin/../lib/gcc/arm-none-eabi/4.9.3/../../../../arm-none-eabi/lib/armv7e-m/fpu\libc.a(lib_a-fini.o)
                              f:/ti/gcc/ccsv6/tools/compiler/gcc-arm-none-eabi-4_9-2015q3/bin/../lib/gcc/arm-none-eabi/4.9.3/../../../../arm-none-eabi/lib/armv7e-m/fpu\libc.a(lib_a-__call_atexit.o) (__libc_fini_array)
f:/ti/gcc/ccsv6/tools/compiler/gcc-arm-none-eabi-4_9-2015q3/bin/../lib/gcc/arm-none-eabi/4.9.3/../../../../arm-none-eabi/lib/armv7e-m/fpu\libc.a(lib_a-__atexit.o)
                              f:/ti/gcc/ccsv6/tools/compiler/gcc-arm-none-eabi-4_9-2015q3/bin/../lib/gcc/arm-none-eabi/4.9.3/../../../../arm-none-eabi/lib/armv7e-m/fpu\libc.a(lib_a-atexit.o) (__register_exitproc)
f:/ti/gcc/ccsv6/tools/compiler/gcc-arm-none-eabi-4_9-2015q3/bin/../lib/gcc/arm-none-eabi/4.9.3/../../../../arm-none-eabi/lib/armv7e-m/fpu\libnosys.a(_exit.o)
                              f:/ti/gcc/ccsv6/tools/compiler/gcc-arm-none-eabi-4_9-2015q3/bin/../lib/gcc/arm-none-eabi/4.9.3/../../../../arm-none-eabi/lib/armv7e-m/fpu\libc.a(lib_a-exit.o) (_exit)

Discarded input sections

 .debug_frame   0x00000000       0x28 f:/ti/gcc/ccsv6/tools/compiler/gcc-arm-none-eabi-4_9-2015q3/bin/../lib/gcc/arm-none-eabi/4.9.3/../../../../arm-none-eabi/lib/armv7e-m/fpu\libc.a(lib_a-exit.o)
 .ARM.attributes
                0x00000000       0x34 f:/ti/gcc/ccsv6/tools/compiler/gcc-arm-none-eabi-4_9-2015q3/bin/../lib/gcc/arm-none-eabi/4.9.3/../../../../arm-none-eabi/lib/armv7e-m/fpu\libc.a(lib_a-exit.o)
 .ARM.attributes
                0x00000000       0x34 f:/ti/gcc/ccsv6/tools/compiler/gcc-arm-none-eabi-4_9-2015q3/bin/../lib/gcc/arm-none-eabi/4.9.3/../../../../arm-none-eabi/lib/armv7e-m/fpu\libc.a(lib_a-impure.o)
 .debug_frame   0x00000000       0x2c f:/ti/gcc/ccsv6/tools/compiler/gcc-arm-none-eabi-4_9-2015q3/bin/../lib/gcc/arm-none-eabi/4.9.3/../../../../arm-none-eabi/lib/armv7e-m/fpu\libc.a(lib_a-init.o)
 .ARM.attributes
                0x00000000       0x34 f:/ti/gcc/ccsv6/tools/compiler/gcc-arm-none-eabi-4_9-2015q3/bin/../lib/gcc/arm-none-eabi/4.9.3/../../../../arm-none-eabi/lib/armv7e-m/fpu\libc.a(lib_a-init.o)
 .debug_frame   0x00000000       0x34 f:/ti/gcc/ccsv6/tools/compiler/gcc-arm-none-eabi-4_9-2015q3/bin/../lib/gcc/arm-none-eabi/4.9.3/../../../../arm-none-eabi/lib/armv7e-m/fpu\libc.a(lib_a-memset.o)
 .ARM.attributes
                0x00000000       0x34 f:/ti/gcc/ccsv6/tools/compiler/gcc-arm-none-eabi-4_9-2015q3/bin/../lib/gcc/arm-none-eabi/4.9.3/../../../../arm-none-eabi/lib/armv7e-m/fpu\libc.a(lib_a-memset.o)
 .debug_frame   0x00000000       0x50 f:/ti/gcc/ccsv6/tools/compiler/gcc-arm-none-eabi-4_9-2015q3/bin/../lib/gcc/arm-none-eabi/4.9.3/../../../../arm-none-eabi/lib/armv7e-m/fpu\libc.a(lib_a-__call_atexit.o)
 .ARM.attributes
                0x00000000       0x34 f:/ti/gcc/ccsv6/tools/compiler/gcc-arm-none-eabi-4_9-2015q3/bin/../lib/gcc/arm-none-eabi/4.9.3/../../../../arm-none-eabi/lib/armv7e-m/fpu\libc.a(lib_a-__call_atexit.o)
 .debug_frame   0x00000000       0x20 f:/ti/gcc/ccsv6/tools/compiler/gcc-arm-none-eabi-4_9-2015q3/bin/../lib/gcc/arm-none-eabi/4.9.3/../../../../arm-none-eabi/lib/armv7e-m/fpu\libc.a(lib_a-atexit.o)
 .ARM.attributes
                0x00000000       0x34 f:/ti/gcc/ccsv6/tools/compiler/gcc-arm-none-eabi-4_9-2015q3/bin/../lib/gcc/arm-none-eabi/4.9.3/../../../../arm-none-eabi/lib/armv7e-m/fpu\libc.a(lib_a-atexit.o)
 .debug_frame   0x00000000       0x34 f:/ti/gcc/ccsv6/tools/compiler/gcc-arm-none-eabi-4_9-2015q3/bin/../lib/gcc/arm-none-eabi/4.9.3/../../../../arm-none-eabi/lib/armv7e-m/fpu\libc.a(lib_a-fini.o)
 .ARM.attributes
                0x00000000       0x34 f:/ti/gcc/ccsv6/tools/compiler/gcc-arm-none-eabi-4_9-2015q3/bin/../lib/gcc/arm-none-eabi/4.9.3/../../../../arm-none-eabi/lib/armv7e-m/fpu\libc.a(lib_a-fini.o)
 .debug_frame   0x00000000       0x34 f:/ti/gcc/ccsv6/tools/compiler/gcc-arm-none-eabi-4_9-2015q3/bin/../lib/gcc/arm-none-eabi/4.9.3/../../../../arm-none-eabi/lib/armv7e-m/fpu\libc.a(lib_a-__atexit.o)
 .ARM.attributes
                0x00000000       0x34 f:/ti/gcc/ccsv6/tools/compiler/gcc-arm-none-eabi-4_9-2015q3/bin/../lib/gcc/arm-none-eabi/4.9.3/../../../../arm-none-eabi/lib/armv7e-m/fpu\libc.a(lib_a-__atexit.o)

Memory Configuration

Name             Origin             Length             Attributes
ROM              0x00000000         0x00040000         xr
RAM              0x20000000         0x00008000         xrw
*default*        0x00000000         0xffffffff

Linker script and memory map

LOAD f:/ti/gcc/ccsv6/tools/compiler/gcc-arm-none-eabi-4_9-2015q3/bin/../lib/gcc/arm-none-eabi/4.9.3/armv7e-m/fpu/crti.o
LOAD f:/ti/gcc/ccsv6/tools/compiler/gcc-arm-none-eabi-4_9-2015q3/bin/../lib/gcc/arm-none-eabi/4.9.3/armv7e-m/fpu/crtbegin.o
LOAD f:/ti/gcc/ccsv6/tools/compiler/gcc-arm-none-eabi-4_9-2015q3/bin/../lib/gcc/arm-none-eabi/4.9.3/../../../../arm-none-eabi/lib/armv7e-m/fpu/crt0.o
LOAD ./bsp.o
LOAD ./main.o
LOAD ./startup_tm4c_gnu.o
                0x00000200                STACK_SIZE = 0x200
                0x00000000                HEAP_SIZE = 0x0

.isr_vector     0x00000000      0x26c
 *(.isr_vector)
 .isr_vector    0x00000000      0x26c ./startup_tm4c_gnu.o
                0x00000000                g_pfnVectors
                0x0000026c                . = ALIGN (0x4)

.eh_frame       0x0000026c        0x4
 .eh_frame      0x0000026c        0x0 f:/ti/gcc/ccsv6/tools/compiler/gcc-arm-none-eabi-4_9-2015q3/bin/../lib/gcc/arm-none-eabi/4.9.3/armv7e-m/fpu/crtbegin.o
 .eh_frame      0x0000026c        0x4 f:/ti/gcc/ccsv6/tools/compiler/gcc-arm-none-eabi-4_9-2015q3/bin/../lib/gcc/arm-none-eabi/4.9.3/armv7e-m/fpu/crtend.o

.ARM.extab      0x00000270        0x0
 .ARM.extab     0x00000270        0x0 f:/ti/gcc/ccsv6/tools/compiler/gcc-arm-none-eabi-4_9-2015q3/bin/../lib/gcc/arm-none-eabi/4.9.3/../../../../arm-none-eabi/lib/armv7e-m/fpu/crt0.o

.ARM.exidx      0x00000270        0x8
 .ARM.exidx     0x00000270        0x8 f:/ti/gcc/ccsv6/tools/compiler/gcc-arm-none-eabi-4_9-2015q3/bin/../lib/gcc/arm-none-eabi/4.9.3/../../../../arm-none-eabi/lib/armv7e-m/fpu/crt0.o

.text           0x00000278      0x5ac
                0x00000278                . = ALIGN (0x4)
 *(.text)
 .text          0x00000278        0x0 f:/ti/gcc/ccsv6/tools/compiler/gcc-arm-none-eabi-4_9-2015q3/bin/../lib/gcc/arm-none-eabi/4.9.3/armv7e-m/fpu/crti.o
 .text          0x00000278       0x5c f:/ti/gcc/ccsv6/tools/compiler/gcc-arm-none-eabi-4_9-2015q3/bin/../lib/gcc/arm-none-eabi/4.9.3/armv7e-m/fpu/crtbegin.o
 .text          0x000002d4       0x74 f:/ti/gcc/ccsv6/tools/compiler/gcc-arm-none-eabi-4_9-2015q3/bin/../lib/gcc/arm-none-eabi/4.9.3/../../../../arm-none-eabi/lib/armv7e-m/fpu/crt0.o
                0x000002d4                _start
                0x000002d4                _mainCRTStartup
 .text          0x00000348        0x0 ./bsp.o
 .text          0x00000348        0x0 ./main.o
 .text          0x00000348        0x0 ./startup_tm4c_gnu.o
 .text          0x00000348        0x0 f:/ti/gcc/ccsv6/tools/compiler/gcc-arm-none-eabi-4_9-2015q3/bin/../lib/gcc/arm-none-eabi/4.9.3/../../../../arm-none-eabi/lib/armv7e-m/fpu\libc.a(lib_a-exit.o)
 .text          0x00000348        0x0 f:/ti/gcc/ccsv6/tools/compiler/gcc-arm-none-eabi-4_9-2015q3/bin/../lib/gcc/arm-none-eabi/4.9.3/../../../../arm-none-eabi/lib/armv7e-m/fpu\libc.a(lib_a-impure.o)
 .text          0x00000348        0x0 f:/ti/gcc/ccsv6/tools/compiler/gcc-arm-none-eabi-4_9-2015q3/bin/../lib/gcc/arm-none-eabi/4.9.3/../../../../arm-none-eabi/lib/armv7e-m/fpu\libc.a(lib_a-init.o)
 .text          0x00000348        0x0 f:/ti/gcc/ccsv6/tools/compiler/gcc-arm-none-eabi-4_9-2015q3/bin/../lib/gcc/arm-none-eabi/4.9.3/../../../../arm-none-eabi/lib/armv7e-m/fpu\libc.a(lib_a-memset.o)
 .text          0x00000348        0x0 f:/ti/gcc/ccsv6/tools/compiler/gcc-arm-none-eabi-4_9-2015q3/bin/../lib/gcc/arm-none-eabi/4.9.3/../../../../arm-none-eabi/lib/armv7e-m/fpu\libc.a(lib_a-__call_atexit.o)
 .text          0x00000348        0x0 f:/ti/gcc/ccsv6/tools/compiler/gcc-arm-none-eabi-4_9-2015q3/bin/../lib/gcc/arm-none-eabi/4.9.3/../../../../arm-none-eabi/lib/armv7e-m/fpu\libc.a(lib_a-atexit.o)
 .text          0x00000348        0x0 f:/ti/gcc/ccsv6/tools/compiler/gcc-arm-none-eabi-4_9-2015q3/bin/../lib/gcc/arm-none-eabi/4.9.3/../../../../arm-none-eabi/lib/armv7e-m/fpu\libc.a(lib_a-fini.o)
 .text          0x00000348        0x0 f:/ti/gcc/ccsv6/tools/compiler/gcc-arm-none-eabi-4_9-2015q3/bin/../lib/gcc/arm-none-eabi/4.9.3/../../../../arm-none-eabi/lib/armv7e-m/fpu\libc.a(lib_a-__atexit.o)
 .text          0x00000348        0x0 f:/ti/gcc/ccsv6/tools/compiler/gcc-arm-none-eabi-4_9-2015q3/bin/../lib/gcc/arm-none-eabi/4.9.3/../../../../arm-none-eabi/lib/armv7e-m/fpu\libnosys.a(_exit.o)
 .text          0x00000348        0x0 f:/ti/gcc/ccsv6/tools/compiler/gcc-arm-none-eabi-4_9-2015q3/bin/../lib/gcc/arm-none-eabi/4.9.3/armv7e-m/fpu/crtend.o
 .text          0x00000348        0x0 f:/ti/gcc/ccsv6/tools/compiler/gcc-arm-none-eabi-4_9-2015q3/bin/../lib/gcc/arm-none-eabi/4.9.3/armv7e-m/fpu/crtn.o
 *(.text*)
 .text.NVIC_SystemReset
                0x00000348       0x28 ./bsp.o
 .text.assert_failed
                0x00000370        0x4 ./bsp.o
                0x00000370                assert_failed
 .text.SysTick_Handler
                0x00000374       0x1c ./bsp.o
                0x00000374                SysTick_Handler
 .text.main     0x00000390       0x78 ./main.o
                0x00000390                main
 .text.Reset_Handler
                0x00000408       0x88 ./startup_tm4c_gnu.o
                0x00000408                Reset_Handler
 .text.NMI_Handler
                0x00000490       0x14 ./startup_tm4c_gnu.o
                0x00000490                NMI_Handler
 .text.MemManage_Handler
                0x000004a4       0x18 ./startup_tm4c_gnu.o
                0x000004a4                MemManage_Handler
 .text.HardFault_Handler
                0x000004bc       0x18 ./startup_tm4c_gnu.o
                0x000004bc                HardFault_Handler
 .text.BusFault_Handler
                0x000004d4       0x18 ./startup_tm4c_gnu.o
                0x000004d4                BusFault_Handler
 .text.UsageFault_Handler
                0x000004ec       0x1c ./startup_tm4c_gnu.o
                0x000004ec                UsageFault_Handler
 .text.Default_Handler
                0x00000508       0x18 ./startup_tm4c_gnu.o
                0x00000508                uDMAST_IRQHandler
                0x00000508                GPIOPortP4_IRQHandler
                0x00000508                PWM1Gen3_IRQHandler
                0x00000508                WideTimer5B_IRQHandler
                0x00000508                DebugMon_Handler
                0x00000508                QEI2_IRQHandler
                0x00000508                FlashCtrl_IRQHandler
                0x00000508                GPIOPortP7_IRQHandler
                0x00000508                Timer0B_IRQHandler
                0x00000508                I2C0_IRQHandler
                0x00000508                WideTimer4B_IRQHandler
                0x00000508                PendSV_Handler
                0x00000508                I2C1_IRQHandler
                0x00000508                GPIOPortP5_IRQHandler
                0x00000508                PWMGen0_IRQHandler
                0x00000508                UART1_IRQHandler
                0x00000508                CAN1_IRQHandler
                0x00000508                Timer1B_IRQHandler
                0x00000508                Watchdog_IRQHandler
                0x00000508                GPIOPortS_IRQHandler
                0x00000508                GPIOPortQ7_IRQHandler
                0x00000508                PWM1Gen2_IRQHandler
                0x00000508                UART0_IRQHandler
                0x00000508                GPIOPortL_IRQHandler
                0x00000508                SSI0_IRQHandler
                0x00000508                GPIOPortM_IRQHandler
                0x00000508                FPU_IRQHandler
                0x00000508                ADCSeq1_IRQHandler
                0x00000508                GPIOPortP0_IRQHandler
                0x00000508                WideTimer0B_IRQHandler
                0x00000508                PWMFault_IRQHandler
                0x00000508                WideTimer1A_IRQHandler
                0x00000508                I2C5_IRQHandler
                0x00000508                I2C4_IRQHandler
                0x00000508                GPIOPortQ5_IRQHandler
                0x00000508                PWMGen1_IRQHandler
                0x00000508                SSI1_IRQHandler
                0x00000508                I2C2_IRQHandler
                0x00000508                UART5_IRQHandler
                0x00000508                GPIOPortC_IRQHandler
                0x00000508                GPIOPortK_IRQHandler
                0x00000508                ADCSeq2_IRQHandler
                0x00000508                PWMGen2_IRQHandler
                0x00000508                UART2_IRQHandler
                0x00000508                GPIOPortP3_IRQHandler
                0x00000508                ADC1Seq0_IRQHandler
                0x00000508                UART4_IRQHandler
                0x00000508                GPIOPortJ_IRQHandler
                0x00000508                Default_Handler
                0x00000508                WideTimer0A_IRQHandler
                0x00000508                Timer5A_IRQHandler
                0x00000508                WideTimer3B_IRQHandler
                0x00000508                WideTimer2B_IRQHandler
                0x00000508                WideTimer5A_IRQHandler
                0x00000508                Timer4A_IRQHandler
                0x00000508                QEI1_IRQHandler
                0x00000508                PWM1Fault_IRQHandler
                0x00000508                GPIOPortP6_IRQHandler
                0x00000508                QEI0_IRQHandler
                0x00000508                ADC1Seq2_IRQHandler
                0x00000508                ADC1Seq1_IRQHandler
                0x00000508                PWMGen3_IRQHandler
                0x00000508                GPIOPortD_IRQHandler
                0x00000508                USB0_IRQHandler
                0x00000508                I2C3_IRQHandler
                0x00000508                SVC_Handler
                0x00000508                GPIOPortP2_IRQHandler
                0x00000508                GPIOPortQ4_IRQHandler
                0x00000508                Timer3B_IRQHandler
                0x00000508                Timer3A_IRQHandler
                0x00000508                GPIOPortA_IRQHandler
                0x00000508                ADC1Seq3_IRQHandler
                0x00000508                Timer0A_IRQHandler
                0x00000508                GPIOPortP1_IRQHandler
                0x00000508                ADCSeq0_IRQHandler
                0x00000508                Timer1A_IRQHandler
                0x00000508                GPIOPortG_IRQHandler
                0x00000508                GPIOPortQ3_IRQHandler
                0x00000508                GPIOPortQ1_IRQHandler
                0x00000508                Timer5B_IRQHandler
                0x00000508                ADCSeq3_IRQHandler
                0x00000508                WideTimer4A_IRQHandler
                0x00000508                GPIOPortE_IRQHandler
                0x00000508                CAN0_IRQHandler
                0x00000508                GPIOPortQ0_IRQHandler
                0x00000508                Comp0_IRQHandler
                0x00000508                Comp1_IRQHandler
                0x00000508                Comp2_IRQHandler
                0x00000508                GPIOPortQ6_IRQHandler
                0x00000508                SSI2_IRQHandler
                0x00000508                PWM1Gen0_IRQHandler
                0x00000508                GPIOPortF_IRQHandler
                0x00000508                UART7_IRQHandler
                0x00000508                UART6_IRQHandler
                0x00000508                WideTimer2A_IRQHandler
                0x00000508                GPIOPortB_IRQHandler
                0x00000508                WideTimer3A_IRQHandler
                0x00000508                CAN2_IRQHandler
                0x00000508                WideTimer1B_IRQHandler
                0x00000508                GPIOPortH_IRQHandler
                0x00000508                GPIOPortQ2_IRQHandler
                0x00000508                GPIOPortR_IRQHandler
                0x00000508                Timer4B_IRQHandler
                0x00000508                Timer2A_IRQHandler
                0x00000508                SSI3_IRQHandler
                0x00000508                Timer2B_IRQHandler
                0x00000508                uDMAError_IRQHandler
                0x00000508                GPIOPortN_IRQHandler
                0x00000508                UART3_IRQHandler
                0x00000508                SysCtrl_IRQHandler
                0x00000508                Hibernate_IRQHandler
                0x00000508                PWM1Gen1_IRQHandler
 .text.exit     0x00000520       0x20 f:/ti/gcc/ccsv6/tools/compiler/gcc-arm-none-eabi-4_9-2015q3/bin/../lib/gcc/arm-none-eabi/4.9.3/../../../../arm-none-eabi/lib/armv7e-m/fpu\libc.a(lib_a-exit.o)
                0x00000520                exit
 .text.__libc_init_array
                0x00000540       0x50 f:/ti/gcc/ccsv6/tools/compiler/gcc-arm-none-eabi-4_9-2015q3/bin/../lib/gcc/arm-none-eabi/4.9.3/../../../../arm-none-eabi/lib/armv7e-m/fpu\libc.a(lib_a-init.o)
                0x00000540                __libc_init_array
 .text.memset   0x00000590       0x9c f:/ti/gcc/ccsv6/tools/compiler/gcc-arm-none-eabi-4_9-2015q3/bin/../lib/gcc/arm-none-eabi/4.9.3/../../../../arm-none-eabi/lib/armv7e-m/fpu\libc.a(lib_a-memset.o)
                0x00000590                memset
 .text.startup.register_fini
                0x0000062c       0x14 f:/ti/gcc/ccsv6/tools/compiler/gcc-arm-none-eabi-4_9-2015q3/bin/../lib/gcc/arm-none-eabi/4.9.3/../../../../arm-none-eabi/lib/armv7e-m/fpu\libc.a(lib_a-__call_atexit.o)
 .text.__call_exitprocs
                0x00000640       0xd4 f:/ti/gcc/ccsv6/tools/compiler/gcc-arm-none-eabi-4_9-2015q3/bin/../lib/gcc/arm-none-eabi/4.9.3/../../../../arm-none-eabi/lib/armv7e-m/fpu\libc.a(lib_a-__call_atexit.o)
                0x00000640                __call_exitprocs
 .text.atexit   0x00000714        0xc f:/ti/gcc/ccsv6/tools/compiler/gcc-arm-none-eabi-4_9-2015q3/bin/../lib/gcc/arm-none-eabi/4.9.3/../../../../arm-none-eabi/lib/armv7e-m/fpu\libc.a(lib_a-atexit.o)
                0x00000714                atexit
 .text.__libc_fini_array
                0x00000720       0x2c f:/ti/gcc/ccsv6/tools/compiler/gcc-arm-none-eabi-4_9-2015q3/bin/../lib/gcc/arm-none-eabi/4.9.3/../../../../arm-none-eabi/lib/armv7e-m/fpu\libc.a(lib_a-fini.o)
                0x00000720                __libc_fini_array
 .text.__register_exitproc
                0x0000074c       0xa4 f:/ti/gcc/ccsv6/tools/compiler/gcc-arm-none-eabi-4_9-2015q3/bin/../lib/gcc/arm-none-eabi/4.9.3/../../../../arm-none-eabi/lib/armv7e-m/fpu\libc.a(lib_a-__atexit.o)
                0x0000074c                __register_exitproc
 .text._exit    0x000007f0        0x4 f:/ti/gcc/ccsv6/tools/compiler/gcc-arm-none-eabi-4_9-2015q3/bin/../lib/gcc/arm-none-eabi/4.9.3/../../../../arm-none-eabi/lib/armv7e-m/fpu\libnosys.a(_exit.o)
                0x000007f0                _exit
 *(.rodata)
 .rodata        0x000007f4        0xe ./startup_tm4c_gnu.o
 *(.rodata*)
 *fill*         0x00000802        0x2 
 .rodata.str1.4
                0x00000804        0x4 f:/ti/gcc/ccsv6/tools/compiler/gcc-arm-none-eabi-4_9-2015q3/bin/../lib/gcc/arm-none-eabi/4.9.3/../../../../arm-none-eabi/lib/armv7e-m/fpu\libc.a(lib_a-impure.o)
                                  0x2 (size before relaxing)
 .rodata._global_impure_ptr
                0x00000808        0x4 f:/ti/gcc/ccsv6/tools/compiler/gcc-arm-none-eabi-4_9-2015q3/bin/../lib/gcc/arm-none-eabi/4.9.3/../../../../arm-none-eabi/lib/armv7e-m/fpu\libc.a(lib_a-impure.o)
                0x00000808                _global_impure_ptr
 *(.init)
 .init          0x0000080c        0x4 f:/ti/gcc/ccsv6/tools/compiler/gcc-arm-none-eabi-4_9-2015q3/bin/../lib/gcc/arm-none-eabi/4.9.3/armv7e-m/fpu/crti.o
                0x0000080c                _init
 .init          0x00000810        0x8 f:/ti/gcc/ccsv6/tools/compiler/gcc-arm-none-eabi-4_9-2015q3/bin/../lib/gcc/arm-none-eabi/4.9.3/armv7e-m/fpu/crtn.o
 *(.fini)
 .fini          0x00000818        0x4 f:/ti/gcc/ccsv6/tools/compiler/gcc-arm-none-eabi-4_9-2015q3/bin/../lib/gcc/arm-none-eabi/4.9.3/armv7e-m/fpu/crti.o
                0x00000818                _fini
 .fini          0x0000081c        0x8 f:/ti/gcc/ccsv6/tools/compiler/gcc-arm-none-eabi-4_9-2015q3/bin/../lib/gcc/arm-none-eabi/4.9.3/armv7e-m/fpu/crtn.o
                0x00000824                . = ALIGN (0x4)

.glue_7         0x00000824        0x0
 .glue_7        0x00000000        0x0 linker stubs

.glue_7t        0x00000824        0x0
 .glue_7t       0x00000000        0x0 linker stubs

.vfp11_veneer   0x00000824        0x0
 .vfp11_veneer  0x00000000        0x0 linker stubs

.v4_bx          0x00000824        0x0
 .v4_bx         0x00000000        0x0 linker stubs

.iplt           0x00000824        0x0
 .iplt          0x00000000        0x0 f:/ti/gcc/ccsv6/tools/compiler/gcc-arm-none-eabi-4_9-2015q3/bin/../lib/gcc/arm-none-eabi/4.9.3/armv7e-m/fpu/crtbegin.o

.rel.dyn        0x00000824        0x0
 .rel.iplt      0x00000000        0x0 f:/ti/gcc/ccsv6/tools/compiler/gcc-arm-none-eabi-4_9-2015q3/bin/../lib/gcc/arm-none-eabi/4.9.3/armv7e-m/fpu/crtbegin.o

.preinit_array  0x00000824        0x0
                0x00000824                PROVIDE (__preinit_array_start, .)
 *(.preinit_array*)
                0x00000824                PROVIDE (__preinit_array_end, .)

.init_array     0x00000824        0x8
                0x00000824                PROVIDE (__init_array_start, .)
 *(SORT(.init_array.*))
 .init_array.00000
                0x00000824        0x4 f:/ti/gcc/ccsv6/tools/compiler/gcc-arm-none-eabi-4_9-2015q3/bin/../lib/gcc/arm-none-eabi/4.9.3/../../../../arm-none-eabi/lib/armv7e-m/fpu\libc.a(lib_a-__call_atexit.o)
 *(.init_array*)
 .init_array    0x00000828        0x4 f:/ti/gcc/ccsv6/tools/compiler/gcc-arm-none-eabi-4_9-2015q3/bin/../lib/gcc/arm-none-eabi/4.9.3/armv7e-m/fpu/crtbegin.o
                0x0000082c                PROVIDE (__init_array_end, .)

.fini_array     0x0000082c        0x4
                0x0000082c                PROVIDE (__fini_array_start, .)
 *(.fini_array*)
 .fini_array    0x0000082c        0x4 f:/ti/gcc/ccsv6/tools/compiler/gcc-arm-none-eabi-4_9-2015q3/bin/../lib/gcc/arm-none-eabi/4.9.3/armv7e-m/fpu/crtbegin.o
 *(SORT(.fini_array.*))
                0x00000830                PROVIDE (__fini_array_end, .)
                0x00000830                _etext = .

.stack          0x20000000      0x200
                0x20000000                __stack_start__ = .
                0x20000200                . = (. + STACK_SIZE)
 *fill*         0x20000000      0x200 
                0x20000200                . = ALIGN (0x4)
                0x20000200                __stack_end__ = .

.data           0x20000200      0x434 load address 0x00000830
                0x00000830                __data_load = LOADADDR (.data)
                0x20000200                __data_start = .
 *(.data)
 .data          0x20000200        0x0 f:/ti/gcc/ccsv6/tools/compiler/gcc-arm-none-eabi-4_9-2015q3/bin/../lib/gcc/arm-none-eabi/4.9.3/armv7e-m/fpu/crti.o
 .data          0x20000200        0x4 f:/ti/gcc/ccsv6/tools/compiler/gcc-arm-none-eabi-4_9-2015q3/bin/../lib/gcc/arm-none-eabi/4.9.3/armv7e-m/fpu/crtbegin.o
                0x20000200                __dso_handle
 .data          0x20000204        0x0 f:/ti/gcc/ccsv6/tools/compiler/gcc-arm-none-eabi-4_9-2015q3/bin/../lib/gcc/arm-none-eabi/4.9.3/../../../../arm-none-eabi/lib/armv7e-m/fpu/crt0.o
 .data          0x20000204        0x0 ./bsp.o
 .data          0x20000204        0x0 ./main.o
 .data          0x20000204        0x0 ./startup_tm4c_gnu.o
 .data          0x20000204        0x0 f:/ti/gcc/ccsv6/tools/compiler/gcc-arm-none-eabi-4_9-2015q3/bin/../lib/gcc/arm-none-eabi/4.9.3/../../../../arm-none-eabi/lib/armv7e-m/fpu\libc.a(lib_a-exit.o)
 .data          0x20000204        0x0 f:/ti/gcc/ccsv6/tools/compiler/gcc-arm-none-eabi-4_9-2015q3/bin/../lib/gcc/arm-none-eabi/4.9.3/../../../../arm-none-eabi/lib/armv7e-m/fpu\libc.a(lib_a-impure.o)
 .data          0x20000204        0x0 f:/ti/gcc/ccsv6/tools/compiler/gcc-arm-none-eabi-4_9-2015q3/bin/../lib/gcc/arm-none-eabi/4.9.3/../../../../arm-none-eabi/lib/armv7e-m/fpu\libc.a(lib_a-init.o)
 .data          0x20000204        0x0 f:/ti/gcc/ccsv6/tools/compiler/gcc-arm-none-eabi-4_9-2015q3/bin/../lib/gcc/arm-none-eabi/4.9.3/../../../../arm-none-eabi/lib/armv7e-m/fpu\libc.a(lib_a-memset.o)
 .data          0x20000204        0x0 f:/ti/gcc/ccsv6/tools/compiler/gcc-arm-none-eabi-4_9-2015q3/bin/../lib/gcc/arm-none-eabi/4.9.3/../../../../arm-none-eabi/lib/armv7e-m/fpu\libc.a(lib_a-__call_atexit.o)
 .data          0x20000204        0x0 f:/ti/gcc/ccsv6/tools/compiler/gcc-arm-none-eabi-4_9-2015q3/bin/../lib/gcc/arm-none-eabi/4.9.3/../../../../arm-none-eabi/lib/armv7e-m/fpu\libc.a(lib_a-atexit.o)
 .data          0x20000204        0x0 f:/ti/gcc/ccsv6/tools/compiler/gcc-arm-none-eabi-4_9-2015q3/bin/../lib/gcc/arm-none-eabi/4.9.3/../../../../arm-none-eabi/lib/armv7e-m/fpu\libc.a(lib_a-fini.o)
 .data          0x20000204        0x0 f:/ti/gcc/ccsv6/tools/compiler/gcc-arm-none-eabi-4_9-2015q3/bin/../lib/gcc/arm-none-eabi/4.9.3/../../../../arm-none-eabi/lib/armv7e-m/fpu\libc.a(lib_a-__atexit.o)
 .data          0x20000204        0x0 f:/ti/gcc/ccsv6/tools/compiler/gcc-arm-none-eabi-4_9-2015q3/bin/../lib/gcc/arm-none-eabi/4.9.3/../../../../arm-none-eabi/lib/armv7e-m/fpu\libnosys.a(_exit.o)
 .data          0x20000204        0x0 f:/ti/gcc/ccsv6/tools/compiler/gcc-arm-none-eabi-4_9-2015q3/bin/../lib/gcc/arm-none-eabi/4.9.3/armv7e-m/fpu/crtend.o
 .data          0x20000204        0x0 f:/ti/gcc/ccsv6/tools/compiler/gcc-arm-none-eabi-4_9-2015q3/bin/../lib/gcc/arm-none-eabi/4.9.3/armv7e-m/fpu/crtn.o
 *(.data*)
 *fill*         0x20000204        0x4 
 .data.impure_data
                0x20000208      0x428 f:/ti/gcc/ccsv6/tools/compiler/gcc-arm-none-eabi-4_9-2015q3/bin/../lib/gcc/arm-none-eabi/4.9.3/../../../../arm-none-eabi/lib/armv7e-m/fpu\libc.a(lib_a-impure.o)
 .data._impure_ptr
                0x20000630        0x4 f:/ti/gcc/ccsv6/tools/compiler/gcc-arm-none-eabi-4_9-2015q3/bin/../lib/gcc/arm-none-eabi/4.9.3/../../../../arm-none-eabi/lib/armv7e-m/fpu\libc.a(lib_a-impure.o)
                0x20000630                _impure_ptr
                0x20000634                . = ALIGN (0x4)
                0x20000634                __data_end__ = .
                0x20000634                _edata = __data_end__

.jcr            0x20000634        0x4 load address 0x00000c64
 .jcr           0x20000634        0x0 f:/ti/gcc/ccsv6/tools/compiler/gcc-arm-none-eabi-4_9-2015q3/bin/../lib/gcc/arm-none-eabi/4.9.3/armv7e-m/fpu/crtbegin.o
 .jcr           0x20000634        0x4 f:/ti/gcc/ccsv6/tools/compiler/gcc-arm-none-eabi-4_9-2015q3/bin/../lib/gcc/arm-none-eabi/4.9.3/armv7e-m/fpu/crtend.o

.igot.plt       0x20000638        0x0 load address 0x00000c68
 .igot.plt      0x00000000        0x0 f:/ti/gcc/ccsv6/tools/compiler/gcc-arm-none-eabi-4_9-2015q3/bin/../lib/gcc/arm-none-eabi/4.9.3/armv7e-m/fpu/crtbegin.o

.bss            0x20000638       0x1c load address 0x00000c68
                0x20000638                __bss_start__ = .
 *(.bss)
 .bss           0x20000638        0x0 f:/ti/gcc/ccsv6/tools/compiler/gcc-arm-none-eabi-4_9-2015q3/bin/../lib/gcc/arm-none-eabi/4.9.3/armv7e-m/fpu/crti.o
 .bss           0x20000638       0x1c f:/ti/gcc/ccsv6/tools/compiler/gcc-arm-none-eabi-4_9-2015q3/bin/../lib/gcc/arm-none-eabi/4.9.3/armv7e-m/fpu/crtbegin.o
 .bss           0x20000654        0x0 f:/ti/gcc/ccsv6/tools/compiler/gcc-arm-none-eabi-4_9-2015q3/bin/../lib/gcc/arm-none-eabi/4.9.3/../../../../arm-none-eabi/lib/armv7e-m/fpu/crt0.o
 .bss           0x20000654        0x0 ./bsp.o
 .bss           0x20000654        0x0 ./main.o
 .bss           0x20000654        0x0 ./startup_tm4c_gnu.o
 .bss           0x20000654        0x0 f:/ti/gcc/ccsv6/tools/compiler/gcc-arm-none-eabi-4_9-2015q3/bin/../lib/gcc/arm-none-eabi/4.9.3/../../../../arm-none-eabi/lib/armv7e-m/fpu\libc.a(lib_a-exit.o)
 .bss           0x20000654        0x0 f:/ti/gcc/ccsv6/tools/compiler/gcc-arm-none-eabi-4_9-2015q3/bin/../lib/gcc/arm-none-eabi/4.9.3/../../../../arm-none-eabi/lib/armv7e-m/fpu\libc.a(lib_a-impure.o)
 .bss           0x20000654        0x0 f:/ti/gcc/ccsv6/tools/compiler/gcc-arm-none-eabi-4_9-2015q3/bin/../lib/gcc/arm-none-eabi/4.9.3/../../../../arm-none-eabi/lib/armv7e-m/fpu\libc.a(lib_a-init.o)
 .bss           0x20000654        0x0 f:/ti/gcc/ccsv6/tools/compiler/gcc-arm-none-eabi-4_9-2015q3/bin/../lib/gcc/arm-none-eabi/4.9.3/../../../../arm-none-eabi/lib/armv7e-m/fpu\libc.a(lib_a-memset.o)
 .bss           0x20000654        0x0 f:/ti/gcc/ccsv6/tools/compiler/gcc-arm-none-eabi-4_9-2015q3/bin/../lib/gcc/arm-none-eabi/4.9.3/../../../../arm-none-eabi/lib/armv7e-m/fpu\libc.a(lib_a-__call_atexit.o)
 .bss           0x20000654        0x0 f:/ti/gcc/ccsv6/tools/compiler/gcc-arm-none-eabi-4_9-2015q3/bin/../lib/gcc/arm-none-eabi/4.9.3/../../../../arm-none-eabi/lib/armv7e-m/fpu\libc.a(lib_a-atexit.o)
 .bss           0x20000654        0x0 f:/ti/gcc/ccsv6/tools/compiler/gcc-arm-none-eabi-4_9-2015q3/bin/../lib/gcc/arm-none-eabi/4.9.3/../../../../arm-none-eabi/lib/armv7e-m/fpu\libc.a(lib_a-fini.o)
 .bss           0x20000654        0x0 f:/ti/gcc/ccsv6/tools/compiler/gcc-arm-none-eabi-4_9-2015q3/bin/../lib/gcc/arm-none-eabi/4.9.3/../../../../arm-none-eabi/lib/armv7e-m/fpu\libc.a(lib_a-__atexit.o)
 .bss           0x20000654        0x0 f:/ti/gcc/ccsv6/tools/compiler/gcc-arm-none-eabi-4_9-2015q3/bin/../lib/gcc/arm-none-eabi/4.9.3/../../../../arm-none-eabi/lib/armv7e-m/fpu\libnosys.a(_exit.o)
 .bss           0x20000654        0x0 f:/ti/gcc/ccsv6/tools/compiler/gcc-arm-none-eabi-4_9-2015q3/bin/../lib/gcc/arm-none-eabi/4.9.3/armv7e-m/fpu/crtend.o
 .bss           0x20000654        0x0 f:/ti/gcc/ccsv6/tools/compiler/gcc-arm-none-eabi-4_9-2015q3/bin/../lib/gcc/arm-none-eabi/4.9.3/armv7e-m/fpu/crtn.o
 *(.bss*)
 *(COMMON)
                0x20000654                . = ALIGN (0x4)
                0x20000654                _ebss = .
                0x20000654                __bss_end__ = .
                0x20000654                PROVIDE (end, _ebss)
                0x20000654                PROVIDE (_end, _ebss)
                0x20000654                PROVIDE (__end__, _ebss)

.heap           0x20000654        0x0
                0x20000654                __heap_start__ = .
                0x20000654                . = (. + HEAP_SIZE)
                0x20000654                . = ALIGN (0x4)
                0x20000654                __heap_end__ = .

/DISCARD/
 libc.a(*)
 libm.a(*)
 libgcc.a(*)
START GROUP
LOAD f:/ti/gcc/ccsv6/tools/compiler/gcc-arm-none-eabi-4_9-2015q3/bin/../lib/gcc/arm-none-eabi/4.9.3/../../../../arm-none-eabi/lib/armv7e-m/fpu\libc.a
LOAD f:/ti/gcc/ccsv6/tools/compiler/gcc-arm-none-eabi-4_9-2015q3/bin/../lib/gcc/arm-none-eabi/4.9.3/armv7e-m/fpu\libgcc.a
LOAD f:/ti/gcc/ccsv6/tools/compiler/gcc-arm-none-eabi-4_9-2015q3/bin/../lib/gcc/arm-none-eabi/4.9.3/../../../../arm-none-eabi/lib/armv7e-m/fpu\libnosys.a
END GROUP
START GROUP
LOAD f:/ti/gcc/ccsv6/tools/compiler/gcc-arm-none-eabi-4_9-2015q3/bin/../lib/gcc/arm-none-eabi/4.9.3/armv7e-m/fpu\libgcc.a
LOAD f:/ti/gcc/ccsv6/tools/compiler/gcc-arm-none-eabi-4_9-2015q3/bin/../lib/gcc/arm-none-eabi/4.9.3/../../../../arm-none-eabi/lib/armv7e-m/fpu\libg.a
LOAD f:/ti/gcc/ccsv6/tools/compiler/gcc-arm-none-eabi-4_9-2015q3/bin/../lib/gcc/arm-none-eabi/4.9.3/../../../../arm-none-eabi/lib/armv7e-m/fpu\libc.a
END GROUP
LOAD f:/ti/gcc/ccsv6/tools/compiler/gcc-arm-none-eabi-4_9-2015q3/bin/../lib/gcc/arm-none-eabi/4.9.3/armv7e-m/fpu/crtend.o
LOAD f:/ti/gcc/ccsv6/tools/compiler/gcc-arm-none-eabi-4_9-2015q3/bin/../lib/gcc/arm-none-eabi/4.9.3/armv7e-m/fpu/crtn.o
OUTPUT(lesson.out elf32-littlearm)

.ARM.attributes
                0x00000000       0x30
 .ARM.attributes
                0x00000000       0x22 f:/ti/gcc/ccsv6/tools/compiler/gcc-arm-none-eabi-4_9-2015q3/bin/../lib/gcc/arm-none-eabi/4.9.3/armv7e-m/fpu/crti.o
 .ARM.attributes
                0x00000022       0x34 f:/ti/gcc/ccsv6/tools/compiler/gcc-arm-none-eabi-4_9-2015q3/bin/../lib/gcc/arm-none-eabi/4.9.3/armv7e-m/fpu/crtbegin.o
 .ARM.attributes
                0x00000056       0x20 f:/ti/gcc/ccsv6/tools/compiler/gcc-arm-none-eabi-4_9-2015q3/bin/../lib/gcc/arm-none-eabi/4.9.3/../../../../arm-none-eabi/lib/armv7e-m/fpu/crt0.o
 .ARM.attributes
                0x00000076       0x39 ./bsp.o
 .ARM.attributes
                0x000000af       0x39 ./main.o
 .ARM.attributes
                0x000000e8       0x39 ./startup_tm4c_gnu.o
 .ARM.attributes
                0x00000121       0x34 f:/ti/gcc/ccsv6/tools/compiler/gcc-arm-none-eabi-4_9-2015q3/bin/../lib/gcc/arm-none-eabi/4.9.3/../../../../arm-none-eabi/lib/armv7e-m/fpu\libnosys.a(_exit.o)
 .ARM.attributes
                0x00000155       0x34 f:/ti/gcc/ccsv6/tools/compiler/gcc-arm-none-eabi-4_9-2015q3/bin/../lib/gcc/arm-none-eabi/4.9.3/armv7e-m/fpu/crtend.o
 .ARM.attributes
                0x00000189       0x22 f:/ti/gcc/ccsv6/tools/compiler/gcc-arm-none-eabi-4_9-2015q3/bin/../lib/gcc/arm-none-eabi/4.9.3/armv7e-m/fpu/crtn.o

.comment        0x00000000       0x70
 .comment       0x00000000       0x70 ./bsp.o
                                 0x71 (size before relaxing)
 .comment       0x00000000       0x71 ./main.o
 .comment       0x00000000       0x71 ./startup_tm4c_gnu.o

.debug_info     0x00000000     0x154c
 .debug_info    0x00000000      0x4bd ./bsp.o
 .debug_info    0x000004bd      0xeab ./main.o
 .debug_info    0x00001368      0x1e4 ./startup_tm4c_gnu.o

.debug_abbrev   0x00000000      0x320
 .debug_abbrev  0x00000000      0x142 ./bsp.o
 .debug_abbrev  0x00000142      0x100 ./main.o
 .debug_abbrev  0x00000242       0xde ./startup_tm4c_gnu.o

.debug_aranges  0x00000000       0xa0
 .debug_aranges
                0x00000000       0x30 ./bsp.o
 .debug_aranges
                0x00000030       0x20 ./main.o
 .debug_aranges
                0x00000050       0x50 ./startup_tm4c_gnu.o

.debug_ranges   0x00000000       0x70
 .debug_ranges  0x00000000       0x20 ./bsp.o
 .debug_ranges  0x00000020       0x10 ./main.o
 .debug_ranges  0x00000030       0x40 ./startup_tm4c_gnu.o

.debug_line     0x00000000      0x409
 .debug_line    0x00000000      0x1b8 ./bsp.o
 .debug_line    0x000001b8      0x18b ./main.o
 .debug_line    0x00000343       0xc6 ./startup_tm4c_gnu.o

.debug_str      0x00000000      0x978
 .debug_str     0x00000000      0x29e ./bsp.o
                                0x2f5 (size before relaxing)
 .debug_str     0x0000029e      0x5d2 ./main.o
                                0x818 (size before relaxing)
 .debug_str     0x00000870      0x108 ./startup_tm4c_gnu.o
                                0x23e (size before relaxing)

.debug_frame    0x00000000      0x138
 .debug_frame   0x00000000       0x58 ./bsp.o
 .debug_frame   0x00000058       0x2c ./main.o
 .debug_frame   0x00000084       0x94 ./startup_tm4c_gnu.o
 .debug_frame   0x00000118       0x20 f:/ti/gcc/ccsv6/tools/compiler/gcc-arm-none-eabi-4_9-2015q3/bin/../lib/gcc/arm-none-eabi/4.9.3/../../../../arm-none-eabi/lib/armv7e-m/fpu\libnosys.a(_exit.o)
